Archive member included because of file (symbol)

c:/freescale/kds_3.0.0/toolchain/bin/../lib/gcc/arm-none-eabi/4.8.4/../../../../arm-none-eabi/lib/armv7e-m\libg_s.a(lib_a-exit.o)
                              c:/freescale/kds_3.0.0/toolchain/bin/../lib/gcc/arm-none-eabi/4.8.4/../../../../arm-none-eabi/lib/armv7e-m/crt0.o (exit)
c:/freescale/kds_3.0.0/toolchain/bin/../lib/gcc/arm-none-eabi/4.8.4/../../../../arm-none-eabi/lib/armv7e-m\libg_s.a(lib_a-impure.o)
                              c:/freescale/kds_3.0.0/toolchain/bin/../lib/gcc/arm-none-eabi/4.8.4/../../../../arm-none-eabi/lib/armv7e-m\libg_s.a(lib_a-exit.o) (_global_impure_ptr)
c:/freescale/kds_3.0.0/toolchain/bin/../lib/gcc/arm-none-eabi/4.8.4/../../../../arm-none-eabi/lib/armv7e-m\libg_s.a(lib_a-init.o)
                              c:/freescale/kds_3.0.0/toolchain/bin/../lib/gcc/arm-none-eabi/4.8.4/../../../../arm-none-eabi/lib/armv7e-m/crt0.o (__libc_init_array)
c:/freescale/kds_3.0.0/toolchain/bin/../lib/gcc/arm-none-eabi/4.8.4/../../../../arm-none-eabi/lib/armv7e-m\libg_s.a(lib_a-memset.o)
                              c:/freescale/kds_3.0.0/toolchain/bin/../lib/gcc/arm-none-eabi/4.8.4/../../../../arm-none-eabi/lib/armv7e-m/crt0.o (memset)
c:/freescale/kds_3.0.0/toolchain/bin/../lib/gcc/arm-none-eabi/4.8.4/../../../../arm-none-eabi/lib/armv7e-m\libnosys.a(_exit.o)
                              c:/freescale/kds_3.0.0/toolchain/bin/../lib/gcc/arm-none-eabi/4.8.4/../../../../arm-none-eabi/lib/armv7e-m\libg_s.a(lib_a-exit.o) (_exit)

Discarded input sections

 .text          0x00000000        0x0 c:/freescale/kds_3.0.0/toolchain/bin/../lib/gcc/arm-none-eabi/4.8.4/armv7e-m/crti.o
 .data          0x00000000        0x0 c:/freescale/kds_3.0.0/toolchain/bin/../lib/gcc/arm-none-eabi/4.8.4/armv7e-m/crti.o
 .bss           0x00000000        0x0 c:/freescale/kds_3.0.0/toolchain/bin/../lib/gcc/arm-none-eabi/4.8.4/armv7e-m/crti.o
 .data          0x00000000        0x4 c:/freescale/kds_3.0.0/toolchain/bin/../lib/gcc/arm-none-eabi/4.8.4/armv7e-m/crtbegin.o
 .data          0x00000000        0x0 c:/freescale/kds_3.0.0/toolchain/bin/../lib/gcc/arm-none-eabi/4.8.4/../../../../arm-none-eabi/lib/armv7e-m/crt0.o
 .bss           0x00000000        0x0 c:/freescale/kds_3.0.0/toolchain/bin/../lib/gcc/arm-none-eabi/4.8.4/../../../../arm-none-eabi/lib/armv7e-m/crt0.o
 .ARM.extab     0x00000000        0x0 c:/freescale/kds_3.0.0/toolchain/bin/../lib/gcc/arm-none-eabi/4.8.4/../../../../arm-none-eabi/lib/armv7e-m/crt0.o
 .group         0x00000000        0x8 ./Sources/main.o
 .group         0x00000000        0x8 ./Sources/main.o
 .group         0x00000000        0x8 ./Sources/main.o
 .group         0x00000000        0x8 ./Sources/main.o
 .group         0x00000000        0x8 ./Sources/main.o
 .group         0x00000000        0x8 ./Sources/main.o
 .group         0x00000000        0x8 ./Sources/main.o
 .group         0x00000000        0x8 ./Sources/main.o
 .group         0x00000000        0x8 ./Sources/main.o
 .group         0x00000000        0x8 ./Sources/main.o
 .text          0x00000000        0x0 ./Sources/main.o
 .data          0x00000000        0x0 ./Sources/main.o
 .bss           0x00000000        0x0 ./Sources/main.o
 .data          0x00000000        0x0 ./Project_Settings/Startup_Code/startup_MK60DZ10.o
 .bss           0x00000000        0x0 ./Project_Settings/Startup_Code/startup_MK60DZ10.o
 .group         0x00000000        0x8 ./Project_Settings/Startup_Code/system_MK60DZ10.o
 .group         0x00000000        0x8 ./Project_Settings/Startup_Code/system_MK60DZ10.o
 .group         0x00000000        0x8 ./Project_Settings/Startup_Code/system_MK60DZ10.o
 .group         0x00000000        0x8 ./Project_Settings/Startup_Code/system_MK60DZ10.o
 .group         0x00000000        0x8 ./Project_Settings/Startup_Code/system_MK60DZ10.o
 .group         0x00000000        0x8 ./Project_Settings/Startup_Code/system_MK60DZ10.o
 .group         0x00000000        0x8 ./Project_Settings/Startup_Code/system_MK60DZ10.o
 .group         0x00000000        0x8 ./Project_Settings/Startup_Code/system_MK60DZ10.o
 .group         0x00000000        0x8 ./Project_Settings/Startup_Code/system_MK60DZ10.o
 .group         0x00000000        0x8 ./Project_Settings/Startup_Code/system_MK60DZ10.o
 .text          0x00000000        0x0 ./Project_Settings/Startup_Code/system_MK60DZ10.o
 .data          0x00000000        0x0 ./Project_Settings/Startup_Code/system_MK60DZ10.o
 .bss           0x00000000        0x0 ./Project_Settings/Startup_Code/system_MK60DZ10.o
 .data.SystemCoreClock
                0x00000000        0x4 ./Project_Settings/Startup_Code/system_MK60DZ10.o
 .text.SystemCoreClockUpdate
                0x00000000      0x1fc ./Project_Settings/Startup_Code/system_MK60DZ10.o
 .debug_macro   0x00000000      0x84a ./Project_Settings/Startup_Code/system_MK60DZ10.o
 .debug_macro   0x00000000       0x16 ./Project_Settings/Startup_Code/system_MK60DZ10.o
 .debug_macro   0x00000000       0x44 ./Project_Settings/Startup_Code/system_MK60DZ10.o
 .debug_macro   0x00000000      0x209 ./Project_Settings/Startup_Code/system_MK60DZ10.o
 .debug_macro   0x00000000       0x3f ./Project_Settings/Startup_Code/system_MK60DZ10.o
 .debug_macro   0x00000000       0x3b ./Project_Settings/Startup_Code/system_MK60DZ10.o
 .debug_macro   0x00000000       0x2d ./Project_Settings/Startup_Code/system_MK60DZ10.o
 .debug_macro   0x00000000       0x26 ./Project_Settings/Startup_Code/system_MK60DZ10.o
 .debug_macro   0x00000000      0xa99 ./Project_Settings/Startup_Code/system_MK60DZ10.o
 .debug_macro   0x00000000     0xa143 ./Project_Settings/Startup_Code/system_MK60DZ10.o
 .text          0x00000000        0x0 c:/freescale/kds_3.0.0/toolchain/bin/../lib/gcc/arm-none-eabi/4.8.4/../../../../arm-none-eabi/lib/armv7e-m\libg_s.a(lib_a-exit.o)
 .data          0x00000000        0x0 c:/freescale/kds_3.0.0/toolchain/bin/../lib/gcc/arm-none-eabi/4.8.4/../../../../arm-none-eabi/lib/armv7e-m\libg_s.a(lib_a-exit.o)
 .bss           0x00000000        0x0 c:/freescale/kds_3.0.0/toolchain/bin/../lib/gcc/arm-none-eabi/4.8.4/../../../../arm-none-eabi/lib/armv7e-m\libg_s.a(lib_a-exit.o)
 .text          0x00000000        0x0 c:/freescale/kds_3.0.0/toolchain/bin/../lib/gcc/arm-none-eabi/4.8.4/../../../../arm-none-eabi/lib/armv7e-m\libg_s.a(lib_a-impure.o)
 .data          0x00000000        0x0 c:/freescale/kds_3.0.0/toolchain/bin/../lib/gcc/arm-none-eabi/4.8.4/../../../../arm-none-eabi/lib/armv7e-m\libg_s.a(lib_a-impure.o)
 .bss           0x00000000        0x0 c:/freescale/kds_3.0.0/toolchain/bin/../lib/gcc/arm-none-eabi/4.8.4/../../../../arm-none-eabi/lib/armv7e-m\libg_s.a(lib_a-impure.o)
 .data._impure_ptr
                0x00000000        0x4 c:/freescale/kds_3.0.0/toolchain/bin/../lib/gcc/arm-none-eabi/4.8.4/../../../../arm-none-eabi/lib/armv7e-m\libg_s.a(lib_a-impure.o)
 .text          0x00000000        0x0 c:/freescale/kds_3.0.0/toolchain/bin/../lib/gcc/arm-none-eabi/4.8.4/../../../../arm-none-eabi/lib/armv7e-m\libg_s.a(lib_a-init.o)
 .data          0x00000000        0x0 c:/freescale/kds_3.0.0/toolchain/bin/../lib/gcc/arm-none-eabi/4.8.4/../../../../arm-none-eabi/lib/armv7e-m\libg_s.a(lib_a-init.o)
 .bss           0x00000000        0x0 c:/freescale/kds_3.0.0/toolchain/bin/../lib/gcc/arm-none-eabi/4.8.4/../../../../arm-none-eabi/lib/armv7e-m\libg_s.a(lib_a-init.o)
 .text          0x00000000        0x0 c:/freescale/kds_3.0.0/toolchain/bin/../lib/gcc/arm-none-eabi/4.8.4/../../../../arm-none-eabi/lib/armv7e-m\libg_s.a(lib_a-memset.o)
 .data          0x00000000        0x0 c:/freescale/kds_3.0.0/toolchain/bin/../lib/gcc/arm-none-eabi/4.8.4/../../../../arm-none-eabi/lib/armv7e-m\libg_s.a(lib_a-memset.o)
 .bss           0x00000000        0x0 c:/freescale/kds_3.0.0/toolchain/bin/../lib/gcc/arm-none-eabi/4.8.4/../../../../arm-none-eabi/lib/armv7e-m\libg_s.a(lib_a-memset.o)
 .text          0x00000000        0x0 c:/freescale/kds_3.0.0/toolchain/bin/../lib/gcc/arm-none-eabi/4.8.4/../../../../arm-none-eabi/lib/armv7e-m\libnosys.a(_exit.o)
 .data          0x00000000        0x0 c:/freescale/kds_3.0.0/toolchain/bin/../lib/gcc/arm-none-eabi/4.8.4/../../../../arm-none-eabi/lib/armv7e-m\libnosys.a(_exit.o)
 .bss           0x00000000        0x0 c:/freescale/kds_3.0.0/toolchain/bin/../lib/gcc/arm-none-eabi/4.8.4/../../../../arm-none-eabi/lib/armv7e-m\libnosys.a(_exit.o)
 .text          0x00000000        0x0 c:/freescale/kds_3.0.0/toolchain/bin/../lib/gcc/arm-none-eabi/4.8.4/armv7e-m/crtend.o
 .data          0x00000000        0x0 c:/freescale/kds_3.0.0/toolchain/bin/../lib/gcc/arm-none-eabi/4.8.4/armv7e-m/crtend.o
 .bss           0x00000000        0x0 c:/freescale/kds_3.0.0/toolchain/bin/../lib/gcc/arm-none-eabi/4.8.4/armv7e-m/crtend.o
 .eh_frame      0x00000000        0x4 c:/freescale/kds_3.0.0/toolchain/bin/../lib/gcc/arm-none-eabi/4.8.4/armv7e-m/crtend.o
 .text          0x00000000        0x0 c:/freescale/kds_3.0.0/toolchain/bin/../lib/gcc/arm-none-eabi/4.8.4/armv7e-m/crtn.o
 .data          0x00000000        0x0 c:/freescale/kds_3.0.0/toolchain/bin/../lib/gcc/arm-none-eabi/4.8.4/armv7e-m/crtn.o
 .bss           0x00000000        0x0 c:/freescale/kds_3.0.0/toolchain/bin/../lib/gcc/arm-none-eabi/4.8.4/armv7e-m/crtn.o

Memory Configuration

Name             Origin             Length             Attributes
m_interrupts     0x00000000         0x00000400         xr
m_flash_config   0x00000400         0x00000010         xr
m_text           0x00000410         0x0007fbf0         xr
m_data           0x20000000         0x00010000         rw
m_data_1FFF0000  0x1fff0000         0x00010000         rw
*default*        0x00000000         0xffffffff

Linker script and memory map

LOAD c:/freescale/kds_3.0.0/toolchain/bin/../lib/gcc/arm-none-eabi/4.8.4/armv7e-m/crti.o
LOAD c:/freescale/kds_3.0.0/toolchain/bin/../lib/gcc/arm-none-eabi/4.8.4/armv7e-m/crtbegin.o
LOAD c:/freescale/kds_3.0.0/toolchain/bin/../lib/gcc/arm-none-eabi/4.8.4/../../../../arm-none-eabi/lib/armv7e-m/crt0.o
LOAD ./Sources/main.o
LOAD ./Project_Settings/Startup_Code/startup_MK60DZ10.o
LOAD ./Project_Settings/Startup_Code/system_MK60DZ10.o
LOAD c:/freescale/kds_3.0.0/toolchain/bin/../lib/gcc/arm-none-eabi/4.8.4/../../../../arm-none-eabi/lib/armv7e-m\libstdc++_s.a
LOAD c:/freescale/kds_3.0.0/toolchain/bin/../lib/gcc/arm-none-eabi/4.8.4/../../../../arm-none-eabi/lib/armv7e-m\libm.a
START GROUP
LOAD c:/freescale/kds_3.0.0/toolchain/bin/../lib/gcc/arm-none-eabi/4.8.4/armv7e-m\libgcc.a
LOAD c:/freescale/kds_3.0.0/toolchain/bin/../lib/gcc/arm-none-eabi/4.8.4/../../../../arm-none-eabi/lib/armv7e-m\libg_s.a
LOAD c:/freescale/kds_3.0.0/toolchain/bin/../lib/gcc/arm-none-eabi/4.8.4/../../../../arm-none-eabi/lib/armv7e-m\libc_s.a
END GROUP
START GROUP
LOAD c:/freescale/kds_3.0.0/toolchain/bin/../lib/gcc/arm-none-eabi/4.8.4/armv7e-m\libgcc.a
LOAD c:/freescale/kds_3.0.0/toolchain/bin/../lib/gcc/arm-none-eabi/4.8.4/../../../../arm-none-eabi/lib/armv7e-m\libc_s.a
LOAD c:/freescale/kds_3.0.0/toolchain/bin/../lib/gcc/arm-none-eabi/4.8.4/../../../../arm-none-eabi/lib/armv7e-m\libnosys.a
END GROUP
START GROUP
LOAD c:/freescale/kds_3.0.0/toolchain/bin/../lib/gcc/arm-none-eabi/4.8.4/armv7e-m\libgcc.a
LOAD c:/freescale/kds_3.0.0/toolchain/bin/../lib/gcc/arm-none-eabi/4.8.4/../../../../arm-none-eabi/lib/armv7e-m\libc_s.a
LOAD c:/freescale/kds_3.0.0/toolchain/bin/../lib/gcc/arm-none-eabi/4.8.4/../../../../arm-none-eabi/lib/armv7e-m\libnosys.a
END GROUP
LOAD c:/freescale/kds_3.0.0/toolchain/bin/../lib/gcc/arm-none-eabi/4.8.4/armv7e-m/crtend.o
LOAD c:/freescale/kds_3.0.0/toolchain/bin/../lib/gcc/arm-none-eabi/4.8.4/armv7e-m/crtn.o
                0x00000400                HEAP_SIZE = DEFINED (__heap_size__)?__heap_size__:0x400
                0x00000400                STACK_SIZE = DEFINED (__stack_size__)?__stack_size__:0x400

.interrupts     0x00000000      0x400
                0x00000000                __VECTOR_TABLE = .
                0x00000000                . = ALIGN (0x4)
 *(.isr_vector)
 .isr_vector    0x00000000      0x400 ./Project_Settings/Startup_Code/startup_MK60DZ10.o
                0x00000000                __isr_vector
                0x00000400                . = ALIGN (0x4)

.flash_config   0x00000400       0x10
                0x00000400                . = ALIGN (0x4)
 *(.FlashConfig)
 .FlashConfig   0x00000400       0x10 ./Project_Settings/Startup_Code/startup_MK60DZ10.o
                0x00000410                . = ALIGN (0x4)

.text           0x00000410      0x88c
                0x00000410                . = ALIGN (0x4)
 *(.text)
 .text          0x00000410       0x54 c:/freescale/kds_3.0.0/toolchain/bin/../lib/gcc/arm-none-eabi/4.8.4/armv7e-m/crtbegin.o
 .text          0x00000464       0x74 c:/freescale/kds_3.0.0/toolchain/bin/../lib/gcc/arm-none-eabi/4.8.4/../../../../arm-none-eabi/lib/armv7e-m/crt0.o
                0x00000464                _start
                0x00000464                _mainCRTStartup
 .text          0x000004d8       0x58 ./Project_Settings/Startup_Code/startup_MK60DZ10.o
                0x000004d8                Reset_Handler
                0x0000052c                Reserved111_IRQHandler
                0x0000052c                DebugMon_Handler
                0x0000052c                I2C0_IRQHandler
                0x0000052c                HardFault_Handler
                0x0000052c                CAN1_ORed_Message_buffer_IRQHandler
                0x0000052c                Reserved60_IRQHandler
                0x0000052c                SysTick_Handler
                0x0000052c                UART3_RX_TX_IRQHandler
                0x0000052c                Reserved114_IRQHandler
                0x0000052c                PendSV_Handler
                0x0000052c                NMI_Handler
                0x0000052c                UART0_RX_TX_IRQHandler
                0x0000052c                I2C1_IRQHandler
                0x0000052c                DMA2_IRQHandler
                0x0000052c                Reserved59_IRQHandler
                0x0000052c                ENET_Error_IRQHandler
                0x0000052c                CAN0_Tx_Warning_IRQHandler
                0x0000052c                Reserved119_IRQHandler
                0x0000052c                CAN0_ORed_Message_buffer_IRQHandler
                0x0000052c                Watchdog_IRQHandler
                0x0000052c                CMP2_IRQHandler
                0x0000052c                I2S0_IRQHandler
                0x0000052c                Reserved116_IRQHandler
                0x0000052c                TSI0_IRQHandler
                0x0000052c                ENET_Receive_IRQHandler
                0x0000052c                ENET_1588_Timer_IRQHandler
                0x0000052c                CAN1_Error_IRQHandler
                0x0000052c                UART2_RX_TX_IRQHandler
                0x0000052c                ADC0_IRQHandler
                0x0000052c                UsageFault_Handler
                0x0000052c                CMT_IRQHandler
                0x0000052c                UART4_RX_TX_IRQHandler
                0x0000052c                SPI1_IRQHandler
                0x0000052c                DefaultISR
                0x0000052c                DMA9_IRQHandler
                0x0000052c                DMA14_IRQHandler
                0x0000052c                CMP1_IRQHandler
                0x0000052c                PORTD_IRQHandler
                0x0000052c                PORTB_IRQHandler
                0x0000052c                UART4_ERR_IRQHandler
                0x0000052c                ADC1_IRQHandler
                0x0000052c                LPTimer_IRQHandler
                0x0000052c                DMA5_IRQHandler
                0x0000052c                RTC_IRQHandler
                0x0000052c                PDB0_IRQHandler
                0x0000052c                CAN1_Bus_Off_IRQHandler
                0x0000052c                CAN0_Rx_Warning_IRQHandler
                0x0000052c                FTM1_IRQHandler
                0x0000052c                UART5_RX_TX_IRQHandler
                0x0000052c                UART3_ERR_IRQHandler
                0x0000052c                PIT3_IRQHandler
                0x0000052c                SDHC_IRQHandler
                0x0000052c                MCG_IRQHandler
                0x0000052c                Reserved108_IRQHandler
                0x0000052c                Reserved117_IRQHandler
                0x0000052c                Reserved110_IRQHandler
                0x0000052c                UART2_ERR_IRQHandler
                0x0000052c                DMA11_IRQHandler
                0x0000052c                UART5_ERR_IRQHandler
                0x0000052c                Read_Collision_IRQHandler
                0x0000052c                Default_Handler
                0x0000052c                DMA7_IRQHandler
                0x0000052c                Reserved102_IRQHandler
                0x0000052c                ENET_Transmit_IRQHandler
                0x0000052c                USBDCD_IRQHandler
                0x0000052c                CAN1_Tx_Warning_IRQHandler
                0x0000052c                USB0_IRQHandler
                0x0000052c                LLW_IRQHandler
                0x0000052c                SPI2_IRQHandler
                0x0000052c                MemManage_Handler
                0x0000052c                Reserved83_IRQHandler
                0x0000052c                CAN1_Rx_Warning_IRQHandler
                0x0000052c                Reserved115_IRQHandler
                0x0000052c                SVC_Handler
                0x0000052c                CAN1_Wake_Up_IRQHandler
                0x0000052c                Reserved109_IRQHandler
                0x0000052c                DMA13_IRQHandler
                0x0000052c                DMA3_IRQHandler
                0x0000052c                RNG_IRQHandler
                0x0000052c                DMA0_IRQHandler
                0x0000052c                DMA15_IRQHandler
                0x0000052c                DAC0_IRQHandler
                0x0000052c                Reserved118_IRQHandler
                0x0000052c                CAN0_Error_IRQHandler
                0x0000052c                Reserved112_IRQHandler
                0x0000052c                DMA4_IRQHandler
                0x0000052c                UART0_ERR_IRQHandler
                0x0000052c                DMA_Error_IRQHandler
                0x0000052c                LVD_LVW_IRQHandler
                0x0000052c                SPI0_IRQHandler
                0x0000052c                FTM0_IRQHandler
                0x0000052c                Reserved51_IRQHandler
                0x0000052c                DAC1_IRQHandler
                0x0000052c                MCM_IRQHandler
                0x0000052c                DMA12_IRQHandler
                0x0000052c                FTFL_IRQHandler
                0x0000052c                CAN0_Bus_Off_IRQHandler
                0x0000052c                PORTE_IRQHandler
                0x0000052c                FTM2_IRQHandler
                0x0000052c                BusFault_Handler
                0x0000052c                DMA8_IRQHandler
                0x0000052c                DMA10_IRQHandler
                0x0000052c                CAN0_Wake_Up_IRQHandler
                0x0000052c                UART1_ERR_IRQHandler
                0x0000052c                UART1_RX_TX_IRQHandler
                0x0000052c                CMP0_IRQHandler
                0x0000052c                Reserved52_IRQHandler
                0x0000052c                PORTC_IRQHandler
                0x0000052c                DMA6_IRQHandler
                0x0000052c                DMA1_IRQHandler
                0x0000052c                Reserved113_IRQHandler
 *(.text*)
 .text.NVIC_EnableIRQ
                0x00000530       0x30 ./Sources/main.o
 .text.NVIC_ClearPendingIRQ
                0x00000560       0x34 ./Sources/main.o
 .text.delay    0x00000594       0x40 ./Sources/main.o
                0x00000594                delay
 .text.ports_init
                0x000005d4       0xbc ./Sources/main.o
                0x000005d4                ports_init
 .text.PIT_init
                0x00000690       0xcc ./Sources/main.o
                0x00000690                PIT_init
 .text.display_digit
                0x0000075c      0x1d4 ./Sources/main.o
                0x0000075c                display_digit
 .text.count_digits
                0x00000930       0x34 ./Sources/main.o
                0x00000930                count_digits
 .text.display_loop
                0x00000964       0x78 ./Sources/main.o
                0x00000964                display_loop
 .text.PIT0_IRQHandler
                0x000009dc       0x40 ./Sources/main.o
                0x000009dc                PIT0_IRQHandler
 .text.PIT1_IRQHandler
                0x00000a1c       0x30 ./Sources/main.o
                0x00000a1c                PIT1_IRQHandler
 .text.PIT2_IRQHandler
                0x00000a4c       0x40 ./Sources/main.o
                0x00000a4c                PIT2_IRQHandler
 .text.PORTA_IRQHandler
                0x00000a8c       0xac ./Sources/main.o
                0x00000a8c                PORTA_IRQHandler
 .text.main     0x00000b38       0x2c ./Sources/main.o
                0x00000b38                main
 .text.SystemInit
                0x00000b64       0x90 ./Project_Settings/Startup_Code/system_MK60DZ10.o
                0x00000b64                SystemInit
 .text.exit     0x00000bf4       0x28 c:/freescale/kds_3.0.0/toolchain/bin/../lib/gcc/arm-none-eabi/4.8.4/../../../../arm-none-eabi/lib/armv7e-m\libg_s.a(lib_a-exit.o)
                0x00000bf4                exit
 .text.__libc_init_array
                0x00000c1c       0x4c c:/freescale/kds_3.0.0/toolchain/bin/../lib/gcc/arm-none-eabi/4.8.4/../../../../arm-none-eabi/lib/armv7e-m\libg_s.a(lib_a-init.o)
                0x00000c1c                __libc_init_array
 .text.memset   0x00000c68       0x10 c:/freescale/kds_3.0.0/toolchain/bin/../lib/gcc/arm-none-eabi/4.8.4/../../../../arm-none-eabi/lib/armv7e-m\libg_s.a(lib_a-memset.o)
                0x00000c68                memset
 .text._exit    0x00000c78        0x4 c:/freescale/kds_3.0.0/toolchain/bin/../lib/gcc/arm-none-eabi/4.8.4/../../../../arm-none-eabi/lib/armv7e-m\libnosys.a(_exit.o)
                0x00000c78                _exit
 *(.rodata)
 *(.rodata*)
 .rodata.str1.1
                0x00000c7c        0x2 c:/freescale/kds_3.0.0/toolchain/bin/../lib/gcc/arm-none-eabi/4.8.4/../../../../arm-none-eabi/lib/armv7e-m\libg_s.a(lib_a-impure.o)
 *fill*         0x00000c7e        0x2 
 .rodata._global_impure_ptr
                0x00000c80        0x4 c:/freescale/kds_3.0.0/toolchain/bin/../lib/gcc/arm-none-eabi/4.8.4/../../../../arm-none-eabi/lib/armv7e-m\libg_s.a(lib_a-impure.o)
                0x00000c80                _global_impure_ptr
 *(.glue_7)
 .glue_7        0x00000000        0x0 linker stubs
 *(.glue_7t)
 .glue_7t       0x00000000        0x0 linker stubs
 *(.eh_frame)
 .eh_frame      0x00000c84        0x0 c:/freescale/kds_3.0.0/toolchain/bin/../lib/gcc/arm-none-eabi/4.8.4/armv7e-m/crtbegin.o
 *(.init)
 .init          0x00000c84        0x4 c:/freescale/kds_3.0.0/toolchain/bin/../lib/gcc/arm-none-eabi/4.8.4/armv7e-m/crti.o
                0x00000c84                _init
 .init          0x00000c88        0x8 c:/freescale/kds_3.0.0/toolchain/bin/../lib/gcc/arm-none-eabi/4.8.4/armv7e-m/crtn.o
 *(.fini)
 .fini          0x00000c90        0x4 c:/freescale/kds_3.0.0/toolchain/bin/../lib/gcc/arm-none-eabi/4.8.4/armv7e-m/crti.o
                0x00000c90                _fini
 .fini          0x00000c94        0x8 c:/freescale/kds_3.0.0/toolchain/bin/../lib/gcc/arm-none-eabi/4.8.4/armv7e-m/crtn.o
                0x00000c9c                . = ALIGN (0x4)

.vfp11_veneer   0x00000c9c        0x0
 .vfp11_veneer  0x00000000        0x0 linker stubs

.v4_bx          0x00000c9c        0x0
 .v4_bx         0x00000000        0x0 linker stubs

.iplt           0x00000c9c        0x0
 .iplt          0x00000000        0x0 c:/freescale/kds_3.0.0/toolchain/bin/../lib/gcc/arm-none-eabi/4.8.4/armv7e-m/crtbegin.o

.ARM.extab
 *(.ARM.extab* .gnu.linkonce.armextab.*)

.ARM            0x00000c9c        0x8
                0x00000c9c                __exidx_start = .
 *(.ARM.exidx*)
 .ARM.exidx     0x00000c9c        0x8 c:/freescale/kds_3.0.0/toolchain/bin/../lib/gcc/arm-none-eabi/4.8.4/../../../../arm-none-eabi/lib/armv7e-m/crt0.o
                0x00000ca4                __exidx_end = .

.rel.dyn        0x00000ca4        0x0
 .rel.iplt      0x00000000        0x0 c:/freescale/kds_3.0.0/toolchain/bin/../lib/gcc/arm-none-eabi/4.8.4/armv7e-m/crtbegin.o

.ctors          0x00000ca4        0x0
                0x00000ca4                __CTOR_LIST__ = .
 *crtbegin.o(.ctors)
 *crtbegin?.o(.ctors)
 *(EXCLUDE_FILE(*crtend.o *crtend?.o) .ctors)
 *(SORT(.ctors.*))
 *(.ctors)
                0x00000ca4                __CTOR_END__ = .

.dtors          0x00000ca4        0x0
                0x00000ca4                __DTOR_LIST__ = .
 *crtbegin.o(.dtors)
 *crtbegin?.o(.dtors)
 *(EXCLUDE_FILE(*crtend.o *crtend?.o) .dtors)
 *(SORT(.dtors.*))
 *(.dtors)
                0x00000ca4                __DTOR_END__ = .

.preinit_array  0x00000ca4        0x0
                0x00000ca4                PROVIDE (__preinit_array_start, .)
 *(.preinit_array*)
                0x00000ca4                PROVIDE (__preinit_array_end, .)

.init_array     0x00000ca4        0x4
                0x00000ca4                PROVIDE (__init_array_start, .)
 *(SORT(.init_array.*))
 *(.init_array*)
 .init_array    0x00000ca4        0x4 c:/freescale/kds_3.0.0/toolchain/bin/../lib/gcc/arm-none-eabi/4.8.4/armv7e-m/crtbegin.o
                0x00000ca8                PROVIDE (__init_array_end, .)

.fini_array     0x00000ca8        0x4
                0x00000ca8                PROVIDE (__fini_array_start, .)
 *(SORT(.fini_array.*))
 *(.fini_array*)
 .fini_array    0x00000ca8        0x4 c:/freescale/kds_3.0.0/toolchain/bin/../lib/gcc/arm-none-eabi/4.8.4/armv7e-m/crtbegin.o
                0x00000cac                PROVIDE (__fini_array_end, .)
                0x00000cac                __etext = .
                0x00000cac                __DATA_ROM = .

.data           0x20000000       0x64 load address 0x00000cac
                0x20000000                . = ALIGN (0x4)
                0x20000000                __DATA_RAM = .
                0x20000000                __data_start__ = .
 *(.data)
 *(.data*)
 .data.impure_data
                0x20000000       0x60 c:/freescale/kds_3.0.0/toolchain/bin/../lib/gcc/arm-none-eabi/4.8.4/../../../../arm-none-eabi/lib/armv7e-m\libg_s.a(lib_a-impure.o)
 *(.jcr*)
 .jcr           0x20000060        0x0 c:/freescale/kds_3.0.0/toolchain/bin/../lib/gcc/arm-none-eabi/4.8.4/armv7e-m/crtbegin.o
 .jcr           0x20000060        0x4 c:/freescale/kds_3.0.0/toolchain/bin/../lib/gcc/arm-none-eabi/4.8.4/armv7e-m/crtend.o
                0x20000064                . = ALIGN (0x4)
                0x20000064                __data_end__ = .
                0x00000d10                __DATA_END = (__DATA_ROM + (__data_end__ - __data_start__))
                0x00000d10                __m_data_1FFF0000_ROMStart = (__DATA_ROM + SIZEOF (.data))

.igot.plt       0x20000064        0x0 load address 0x00000d10
 .igot.plt      0x00000000        0x0 c:/freescale/kds_3.0.0/toolchain/bin/../lib/gcc/arm-none-eabi/4.8.4/armv7e-m/crtbegin.o

.m_data_1FFF0000
                0x1fff0000        0x0 load address 0x00000d10
                0x1fff0000                . = ALIGN (0x4)
                0x1fff0000                __m_data_1FFF0000_RAMStart = .
 *(.m_data_1FFF0000)
                0x1fff0000                __m_data_1FFF0000_RAMEnd = .
                0x1fff0000                . = ALIGN (0x4)
                0x00000000                __m_data_1FFF0000_ROMSize = (__m_data_1FFF0000_RAMEnd - __m_data_1FFF0000_RAMStart)

.bss            0x20000064       0x20 load address 0x00000d10
                0x20000064                . = ALIGN (0x4)
                0x20000064                __START_BSS = .
                0x20000064                __bss_start__ = .
 *(.bss)
 .bss           0x20000064       0x1c c:/freescale/kds_3.0.0/toolchain/bin/../lib/gcc/arm-none-eabi/4.8.4/armv7e-m/crtbegin.o
 *(.bss*)
 .bss.distance  0x20000080        0x4 ./Sources/main.o
                0x20000080                distance
 *(COMMON)
                0x20000084                . = ALIGN (0x4)
                0x20000084                __bss_end__ = .
                0x20000084                __END_BSS = .

.heap           0x20000084      0x404 load address 0x00000d30
                0x20000088                . = ALIGN (0x8)
 *fill*         0x20000084        0x4 
                0x20000088                __end__ = .
                0x20000088                PROVIDE (end, .)
                0x20000088                __HeapBase = .
                0x20000488                . = (. + HEAP_SIZE)
 *fill*         0x20000088      0x400 
                0x20000488                __HeapLimit = .

.stack          0x20000488      0x400 load address 0x00001134
                0x20000488                . = ALIGN (0x8)
                0x20000888                . = (. + STACK_SIZE)
 *fill*         0x20000488      0x400 
                0x20000888                __StackTop = .
                0x20000488                __StackLimit = (__StackTop - STACK_SIZE)
                0x20000888                PROVIDE (__stack, __StackTop)

.ARM.attributes
                0x00000000       0x2a
 *(.ARM.attributes)
 .ARM.attributes
                0x00000000       0x1e c:/freescale/kds_3.0.0/toolchain/bin/../lib/gcc/arm-none-eabi/4.8.4/armv7e-m/crti.o
 .ARM.attributes
                0x0000001e       0x2e c:/freescale/kds_3.0.0/toolchain/bin/../lib/gcc/arm-none-eabi/4.8.4/armv7e-m/crtbegin.o
 .ARM.attributes
                0x0000004c       0x1c c:/freescale/kds_3.0.0/toolchain/bin/../lib/gcc/arm-none-eabi/4.8.4/../../../../arm-none-eabi/lib/armv7e-m/crt0.o
 .ARM.attributes
                0x00000068       0x33 ./Sources/main.o
 .ARM.attributes
                0x0000009b       0x1b ./Project_Settings/Startup_Code/startup_MK60DZ10.o
 .ARM.attributes
                0x000000b6       0x33 ./Project_Settings/Startup_Code/system_MK60DZ10.o
 .ARM.attributes
                0x000000e9       0x2e c:/freescale/kds_3.0.0/toolchain/bin/../lib/gcc/arm-none-eabi/4.8.4/../../../../arm-none-eabi/lib/armv7e-m\libg_s.a(lib_a-exit.o)
 .ARM.attributes
                0x00000117       0x2e c:/freescale/kds_3.0.0/toolchain/bin/../lib/gcc/arm-none-eabi/4.8.4/../../../../arm-none-eabi/lib/armv7e-m\libg_s.a(lib_a-impure.o)
 .ARM.attributes
                0x00000145       0x2e c:/freescale/kds_3.0.0/toolchain/bin/../lib/gcc/arm-none-eabi/4.8.4/../../../../arm-none-eabi/lib/armv7e-m\libg_s.a(lib_a-init.o)
 .ARM.attributes
                0x00000173       0x2e c:/freescale/kds_3.0.0/toolchain/bin/../lib/gcc/arm-none-eabi/4.8.4/../../../../arm-none-eabi/lib/armv7e-m\libg_s.a(lib_a-memset.o)
 .ARM.attributes
                0x000001a1       0x2e c:/freescale/kds_3.0.0/toolchain/bin/../lib/gcc/arm-none-eabi/4.8.4/../../../../arm-none-eabi/lib/armv7e-m\libnosys.a(_exit.o)
 .ARM.attributes
                0x000001cf       0x2e c:/freescale/kds_3.0.0/toolchain/bin/../lib/gcc/arm-none-eabi/4.8.4/armv7e-m/crtend.o
 .ARM.attributes
                0x000001fd       0x1e c:/freescale/kds_3.0.0/toolchain/bin/../lib/gcc/arm-none-eabi/4.8.4/armv7e-m/crtn.o
OUTPUT(IMP_fitkit_ultrasonic_measure.elf elf32-littlearm)

.debug_info     0x00000000      0xfe6
 .debug_info    0x00000000      0xae9 ./Sources/main.o
 .debug_info    0x00000ae9       0x9d ./Project_Settings/Startup_Code/startup_MK60DZ10.o
 .debug_info    0x00000b86      0x460 ./Project_Settings/Startup_Code/system_MK60DZ10.o

.debug_abbrev   0x00000000      0x360
 .debug_abbrev  0x00000000      0x232 ./Sources/main.o
 .debug_abbrev  0x00000232       0x14 ./Project_Settings/Startup_Code/startup_MK60DZ10.o
 .debug_abbrev  0x00000246      0x11a ./Project_Settings/Startup_Code/system_MK60DZ10.o

.debug_aranges  0x00000000       0xc8
 .debug_aranges
                0x00000000       0x80 ./Sources/main.o
 .debug_aranges
                0x00000080       0x20 ./Project_Settings/Startup_Code/startup_MK60DZ10.o
 .debug_aranges
                0x000000a0       0x28 ./Project_Settings/Startup_Code/system_MK60DZ10.o

.debug_ranges   0x00000000       0x88
 .debug_ranges  0x00000000       0x70 ./Sources/main.o
 .debug_ranges  0x00000070       0x18 ./Project_Settings/Startup_Code/system_MK60DZ10.o

.debug_macro    0x00000000     0xb94d
 .debug_macro   0x00000000      0x144 ./Sources/main.o
 .debug_macro   0x00000144      0x84a ./Sources/main.o
 .debug_macro   0x0000098e       0x3f ./Sources/main.o
 .debug_macro   0x000009cd       0x3b ./Sources/main.o
 .debug_macro   0x00000a08       0x16 ./Sources/main.o
 .debug_macro   0x00000a1e       0x44 ./Sources/main.o
 .debug_macro   0x00000a62      0x209 ./Sources/main.o
 .debug_macro   0x00000c6b       0x2d ./Sources/main.o
 .debug_macro   0x00000c98       0x26 ./Sources/main.o
 .debug_macro   0x00000cbe      0xa99 ./Sources/main.o
 .debug_macro   0x00001757     0xa143 ./Sources/main.o
 .debug_macro   0x0000b89a       0xb3 ./Project_Settings/Startup_Code/system_MK60DZ10.o

.debug_line     0x00000000      0x65a
 .debug_line    0x00000000      0x363 ./Sources/main.o
 .debug_line    0x00000363       0x88 ./Project_Settings/Startup_Code/startup_MK60DZ10.o
 .debug_line    0x000003eb      0x26f ./Project_Settings/Startup_Code/system_MK60DZ10.o

.debug_str      0x00000000    0x39178
 .debug_str     0x00000000    0x38ff0 ./Sources/main.o
                              0x3916f (size before relaxing)
 .debug_str     0x00038ff0      0x188 ./Project_Settings/Startup_Code/system_MK60DZ10.o
                              0x388f9 (size before relaxing)

.comment        0x00000000       0x70
 .comment       0x00000000       0x70 ./Sources/main.o
                                 0x71 (size before relaxing)
 .comment       0x00000000       0x71 ./Project_Settings/Startup_Code/system_MK60DZ10.o

.debug_frame    0x00000000      0x24c
 .debug_frame   0x00000000      0x174 ./Sources/main.o
 .debug_frame   0x00000174       0x44 ./Project_Settings/Startup_Code/system_MK60DZ10.o
 .debug_frame   0x000001b8       0x28 c:/freescale/kds_3.0.0/toolchain/bin/../lib/gcc/arm-none-eabi/4.8.4/../../../../arm-none-eabi/lib/armv7e-m\libg_s.a(lib_a-exit.o)
 .debug_frame   0x000001e0       0x2c c:/freescale/kds_3.0.0/toolchain/bin/../lib/gcc/arm-none-eabi/4.8.4/../../../../arm-none-eabi/lib/armv7e-m\libg_s.a(lib_a-init.o)
 .debug_frame   0x0000020c       0x20 c:/freescale/kds_3.0.0/toolchain/bin/../lib/gcc/arm-none-eabi/4.8.4/../../../../arm-none-eabi/lib/armv7e-m\libg_s.a(lib_a-memset.o)
 .debug_frame   0x0000022c       0x20 c:/freescale/kds_3.0.0/toolchain/bin/../lib/gcc/arm-none-eabi/4.8.4/../../../../arm-none-eabi/lib/armv7e-m\libnosys.a(_exit.o)
